
> writebot-storybook@0.1.0 build-storybook
> storybook build --output-dir=/var/folders/vk/t8bqj1cs66xbjd47pk5z44fw0000gp/T/chromatic--19674-McDr2lYv5wrD

@storybook/core v8.6.18

info => Cleaning outputDir: ../../../../../../../var/folders/vk/t8bqj1cs66xbjd47pk5z44fw0000gp/T/chromatic--19674-McDr2lYv5wrD
info => Loading presets
info => Building manager..
info => Manager built ([38;2;181;126;229m128 ms[39m)
info => Building preview..
info Using tsconfig paths for react-docgen
vite v6.4.2 building for production...
transforming...
✓ 121 modules transformed.
rendering chunks...
computing gzip size...
../../../../../../../var/folders/vk/t8bqj1cs66xbjd47pk5z44fw0000gp/T/chromatic--19674-McDr2lYv5wrD/iframe.html                                    17.72 kB │ gzip:   4.99 kB
../../../../../../../var/folders/vk/t8bqj1cs66xbjd47pk5z44fw0000gp/T/chromatic--19674-McDr2lYv5wrD/assets/preview-Bl11rWMe.css                     2.72 kB │ gzip:   1.01 kB
../../../../../../../var/folders/vk/t8bqj1cs66xbjd47pk5z44fw0000gp/T/chromatic--19674-McDr2lYv5wrD/assets/Tag-DH36rXr9.css                         6.59 kB │ gzip:   1.26 kB
../../../../../../../var/folders/vk/t8bqj1cs66xbjd47pk5z44fw0000gp/T/chromatic--19674-McDr2lYv5wrD/assets/preview-dImWHx-Q.js                      0.16 kB │ gzip:   0.16 kB
../../../../../../../var/folders/vk/t8bqj1cs66xbjd47pk5z44fw0000gp/T/chromatic--19674-McDr2lYv5wrD/assets/preview-CvbIS5ZJ.js                      0.18 kB │ gzip:   0.16 kB
../../../../../../../var/folders/vk/t8bqj1cs66xbjd47pk5z44fw0000gp/T/chromatic--19674-McDr2lYv5wrD/assets/preview-B9pKsy70.js                      0.19 kB │ gzip:   0.15 kB
../../../../../../../var/folders/vk/t8bqj1cs66xbjd47pk5z44fw0000gp/T/chromatic--19674-McDr2lYv5wrD/assets/index-BqIVwv1J.js                        0.42 kB │ gzip:   0.27 kB
../../../../../../../var/folders/vk/t8bqj1cs66xbjd47pk5z44fw0000gp/T/chromatic--19674-McDr2lYv5wrD/assets/chunk-XP5HYGXS-BHXC9YeQ.js               0.71 kB │ gzip:   0.40 kB
../../../../../../../var/folders/vk/t8bqj1cs66xbjd47pk5z44fw0000gp/T/chromatic--19674-McDr2lYv5wrD/assets/preview-DGUiP6tS.js                      0.71 kB │ gzip:   0.50 kB
../../../../../../../var/folders/vk/t8bqj1cs66xbjd47pk5z44fw0000gp/T/chromatic--19674-McDr2lYv5wrD/assets/index-DrFu-skq.js                        0.77 kB │ gzip:   0.47 kB
../../../../../../../var/folders/vk/t8bqj1cs66xbjd47pk5z44fw0000gp/T/chromatic--19674-McDr2lYv5wrD/assets/react-18-BKRyDKwQ.js                     0.89 kB │ gzip:   0.50 kB
../../../../../../../var/folders/vk/t8bqj1cs66xbjd47pk5z44fw0000gp/T/chromatic--19674-McDr2lYv5wrD/assets/preview-D7Hrthqk.js                      0.90 kB │ gzip:   0.57 kB
../../../../../../../var/folders/vk/t8bqj1cs66xbjd47pk5z44fw0000gp/T/chromatic--19674-McDr2lYv5wrD/assets/jsx-runtime-BO8uF4Og.js                  1.00 kB │ gzip:   0.62 kB
../../../../../../../var/folders/vk/t8bqj1cs66xbjd47pk5z44fw0000gp/T/chromatic--19674-McDr2lYv5wrD/assets/DocsRenderer-CFRXHY34-C5PgbkYu.js        1.31 kB │ gzip:   0.70 kB
../../../../../../../var/folders/vk/t8bqj1cs66xbjd47pk5z44fw0000gp/T/chromatic--19674-McDr2lYv5wrD/assets/Tag.docs-BF9exMVT.js                     1.34 kB │ gzip:   0.68 kB
../../../../../../../var/folders/vk/t8bqj1cs66xbjd47pk5z44fw0000gp/T/chromatic--19674-McDr2lYv5wrD/assets/Chip.docs-C_JYEhXS.js                    1.35 kB │ gzip:   0.67 kB
../../../../../../../var/folders/vk/t8bqj1cs66xbjd47pk5z44fw0000gp/T/chromatic--19674-McDr2lYv5wrD/assets/Button.docs-iACI__EH.js                  1.37 kB │ gzip:   0.68 kB
../../../../../../../var/folders/vk/t8bqj1cs66xbjd47pk5z44fw0000gp/T/chromatic--19674-McDr2lYv5wrD/assets/SelectionControls.docs-Bpb07JdQ.js       1.49 kB │ gzip:   0.71 kB
../../../../../../../var/folders/vk/t8bqj1cs66xbjd47pk5z44fw0000gp/T/chromatic--19674-McDr2lYv5wrD/assets/preview-DD_OYowb.js                      3.51 kB │ gzip:   1.69 kB
../../../../../../../var/folders/vk/t8bqj1cs66xbjd47pk5z44fw0000gp/T/chromatic--19674-McDr2lYv5wrD/assets/Button.stories-vMnk2mBk.js               3.80 kB │ gzip:   1.38 kB
../../../../../../../var/folders/vk/t8bqj1cs66xbjd47pk5z44fw0000gp/T/chromatic--19674-McDr2lYv5wrD/assets/Tag.stories-DOiXe8jR.js                  3.89 kB │ gzip:   1.41 kB
../../../../../../../var/folders/vk/t8bqj1cs66xbjd47pk5z44fw0000gp/T/chromatic--19674-McDr2lYv5wrD/assets/Chip.stories-BE9GfylW.js                 3.97 kB │ gzip:   1.46 kB
../../../../../../../var/folders/vk/t8bqj1cs66xbjd47pk5z44fw0000gp/T/chromatic--19674-McDr2lYv5wrD/assets/preview-B8lJiyuQ.js                      5.06 kB │ gzip:   1.88 kB
../../../../../../../var/folders/vk/t8bqj1cs66xbjd47pk5z44fw0000gp/T/chromatic--19674-McDr2lYv5wrD/assets/index-D4H_InIO.js                        7.33 kB │ gzip:   2.96 kB
../../../../../../../var/folders/vk/t8bqj1cs66xbjd47pk5z44fw0000gp/T/chromatic--19674-McDr2lYv5wrD/assets/preview-BWzBA1C2.js                      7.62 kB │ gzip:   1.56 kB
../../../../../../../var/folders/vk/t8bqj1cs66xbjd47pk5z44fw0000gp/T/chromatic--19674-McDr2lYv5wrD/assets/preview-BBWR9nbA.js                      8.12 kB │ gzip:   3.10 kB
../../../../../../../var/folders/vk/t8bqj1cs66xbjd47pk5z44fw0000gp/T/chromatic--19674-McDr2lYv5wrD/assets/SelectionControls.stories-BNog7Izl.js   10.35 kB │ gzip:   2.00 kB
../../../../../../../var/folders/vk/t8bqj1cs66xbjd47pk5z44fw0000gp/T/chromatic--19674-McDr2lYv5wrD/assets/Tag-CpkKkHYO.js                         11.33 kB │ gzip:   1.93 kB
../../../../../../../var/folders/vk/t8bqj1cs66xbjd47pk5z44fw0000gp/T/chromatic--19674-McDr2lYv5wrD/assets/test-utils-E-h_wP8r.js                  13.05 kB │ gzip:   5.09 kB
../../../../../../../var/folders/vk/t8bqj1cs66xbjd47pk5z44fw0000gp/T/chromatic--19674-McDr2lYv5wrD/assets/Color-YHDXOIA2-CDO5wpec.js              29.30 kB │ gzip:  11.01 kB
../../../../../../../var/folders/vk/t8bqj1cs66xbjd47pk5z44fw0000gp/T/chromatic--19674-McDr2lYv5wrD/assets/entry-preview-wgHDUErt.js               29.76 kB │ gzip:   9.52 kB
../../../../../../../var/folders/vk/t8bqj1cs66xbjd47pk5z44fw0000gp/T/chromatic--19674-McDr2lYv5wrD/assets/index-DgH-xKnr.js                       57.15 kB │ gzip:  16.28 kB
../../../../../../../var/folders/vk/t8bqj1cs66xbjd47pk5z44fw0000gp/T/chromatic--19674-McDr2lYv5wrD/assets/index-Dd8bRu6S.js                      134.66 kB │ gzip:  43.22 kB
../../../../../../../var/folders/vk/t8bqj1cs66xbjd47pk5z44fw0000gp/T/chromatic--19674-McDr2lYv5wrD/assets/iframe-B-cQpFAG.js                     213.42 kB │ gzip:  72.04 kB
../../../../../../../var/folders/vk/t8bqj1cs66xbjd47pk5z44fw0000gp/T/chromatic--19674-McDr2lYv5wrD/assets/entry-preview-docs-BbtSVhvf.js         247.08 kB │ gzip:  73.42 kB
../../../../../../../var/folders/vk/t8bqj1cs66xbjd47pk5z44fw0000gp/T/chromatic--19674-McDr2lYv5wrD/assets/index-C1OzuK6-.js                      662.35 kB │ gzip: 156.75 kB
../../../../../../../var/folders/vk/t8bqj1cs66xbjd47pk5z44fw0000gp/T/chromatic--19674-McDr2lYv5wrD/assets/index-D3Qh5VSw.js                      886.80 kB │ gzip: 275.27 kB
✓ built in 3.30s
info => Preview built ([38;2;181;126;229m4.14 s[39m)
info => Output directory: /var/folders/vk/t8bqj1cs66xbjd47pk5z44fw0000gp/T/chromatic--19674-McDr2lYv5wrD
